
<h4>ðŸ’° Diginfra report</h4>
<h4>Monthly estimate generated</h4>
<table>
  <thead>
    <td>Changed project</td>
    <td><span title="Baseline costs are consistent charges for provisioned resources, like the hourly cost for a virtual machine, which stays constant no matter how much it is used. Diginfra estimates these resources assuming they are used for the whole month (730 hours).">Baseline cost</span></td>
    <td><span title="Usage costs are charges based on actual usage, like the storage cost for an object storage bucket. Diginfra estimates these resources using the monthly usage values in the usage-file.">Usage cost</span>*</td>
    <td>Total change</td>
    <td>New monthly cost</td>
  </thead>
  <tbody>
    <tr>
      <td>diginfra/diginfra/internal/hc.../multi_project_with_module/dev</td>
      <td align="right">+$0</td>
      <td align="right">-</td>
      <td align="right">+$0</td>
      <td align="right">$566</td>
    </tr>
  </tbody>
</table>


*Usage costs can be estimated by updating [Diginfra Cloud settings](https://www.diginfra.khulnasoft.com/docs/features/usage_based_resources), see [docs](https://www.diginfra.khulnasoft.com/docs/features/usage_based_resources/#diginfra-usageyml) for other options.
<details>

<summary>Estimate details </summary>

```
â”€â”€â”€â”€â”€â”€â”€â”€â”€â”€â”€â”€â”€â”€â”€â”€â”€â”€â”€â”€â”€â”€â”€â”€â”€â”€â”€â”€â”€â”€â”€â”€â”€â”€
2 projects have no cost estimate changes.
Run the following command to see their breakdown: diginfra breakdown --path=/path/to/code

â”€â”€â”€â”€â”€â”€â”€â”€â”€â”€â”€â”€â”€â”€â”€â”€â”€â”€â”€â”€â”€â”€â”€â”€â”€â”€â”€â”€â”€â”€â”€â”€â”€â”€
3 cloud resources were detected:
âˆ™ 3 were estimated
```
</details>

Comment not posted to GitHub (--dry-run was specified)
