
<h4>ğŸ’° Diginfra report</h4>
<h4>Monthly estimate generated</h4>

