
Err:
Error: could not load input file ./testdata/doesnotexist.json err: Diginfra JSON file does not exist, generate it by running the following command then try again:
diginfra breakdown --path /code --format json --out-file diginfra-base.json
