
Logs:
INFO Estimate uploaded to Diginfra Cloud
INFO 2 guardrails checked
INFO guardrail check failed: medical problems
