Post an Diginfra comment to GitLab

USAGE
  diginfra comment gitlab [flags]

EXAMPLES
  Update comment on a merge request:

      diginfra comment gitlab --repo my-org/my-repo --merge-request 3 --path diginfra.json --gitlab-token $GITLAB_TOKEN

  Post a new comment to a commit:

      diginfra comment gitlab --repo my-org/my-repo --commit 2ca7182 --path diginfra.json --behavior delete-and-new --gitlab-token $GITLAB_TOKEN

FLAGS
      --behavior string            Behavior when posting comment, one of:
                                     update (default)  Update latest comment
                                     new               Create a new comment
                                     delete-and-new    Delete previous matching comments and create a new comment (default "update")
      --commit string              Commit SHA to post comment on, mutually exclusive with merge-request
      --dry-run                    Generate comment without actually posting to GitLab
      --format string              Output format: json
      --gitlab-server-url string   GitLab Server URL (default "https://gitlab.com")
      --gitlab-token string        GitLab token
  -h, --help                       help for gitlab
      --merge-request int          Merge request number to post comment on, mutually exclusive with commit
  -p, --path stringArray           Path to Diginfra JSON files, glob patterns need quotes
      --policy-path stringArray    Path to Diginfra policy files, glob patterns need quotes (experimental)
      --repo string                Repository in format owner/repo
      --show-all-projects          Show all projects in the table of the comment output
      --show-skipped               List unsupported resources (default true)
      --tag string                 Customize hidden markdown tag used to detect comments posted by Diginfra

GLOBAL FLAGS
      --debug-report       Generate a debug report file which can be sent to Diginfra team
      --log-level string   Log level (trace, debug, info, warn, error, fatal)
      --no-color           Turn off colored output
