
Err:
Error: Diginfra Cloud is part of Diginfra's hosted services. Contact hello@diginfra.khulnasoft.com for help.
