Post an Diginfra comment to Bitbucket

USAGE
  diginfra comment bitbucket [flags]

EXAMPLES
  Update comment on a pull request:

      diginfra comment bitbucket --repo my-org/my-repo --pull-request 3 --path diginfra.json --bitbucket-token $BITBUCKET_TOKEN

  Post a new comment to a commit:

      diginfra comment bitbucket --repo my-org/my-repo --commit 2ca7182 --path diginfra.json --behavior delete-and-new --bitbucket-token $BITBUCKET_TOKEN

FLAGS
      --behavior string               Behavior when posting comment, one of:
                                        update (default)  Update latest comment
                                        new               Create a new comment
                                        delete-and-new    Delete previous matching comments and create a new comment (default "update")
      --bitbucket-server-url string   Bitbucket Server URL (default "https://bitbucket.org")
      --bitbucket-token string        Bitbucket access token. Use 'username:app-password' for Bitbucket Cloud and HTTP access token for Bitbucket Server
      --commit string                 Commit SHA to post comment on, mutually exclusive with pull-request. Not available when bitbucket-server-url is set
      --dry-run                       Generate comment without actually posting to Bitbucket
      --exclude-cli-output            Exclude CLI output so comment has just the summary table
      --format string                 Output format: json
  -h, --help                          help for bitbucket
  -p, --path stringArray              Path to Diginfra JSON files, glob patterns need quotes
      --policy-path stringArray       Path to Diginfra policy files, glob patterns need quotes (experimental)
      --pull-request int              Pull request number to post comment on
      --repo string                   Repository in format workspace/repo
      --show-all-projects             Show all projects in the table of the comment output
      --show-skipped                  List unsupported resources (default true)
      --tag string                    Customize special text used to detect comments posted by Diginfra (placed at the bottom of a comment)

GLOBAL FLAGS
      --debug-report       Generate a debug report file which can be sent to Diginfra team
      --log-level string   Log level (trace, debug, info, warn, error, fatal)
      --no-color           Turn off colored output
