
Logs:
INFO Estimate uploaded to organization 'tim' in Diginfra Cloud
