
<h4>ğŸ’° Diginfra report - custom comment</h4>
<h4>Monthly cost increased by $42 ğŸ“ˆ</h4>

Comment not posted to GitHub (--dry-run was specified)
