Post an Diginfra comment to Azure Repos

USAGE
  diginfra comment azure-repos [flags]

EXAMPLES
  Update comment on a pull request:

      diginfra comment azure-repos --repo-url https://dev.azure.com/my-org/my-project/_git/my-repo --pull-request 3 --path diginfra.json --azure-access-token $AZURE_ACCESS_TOKEN

FLAGS
      --azure-access-token string   Azure DevOps access token
      --behavior string             Behavior when posting comment, one of:
                                      update (default)  Update latest comment
                                      new               Create a new comment
                                      delete-and-new    Delete previous matching comments and create a new comment (default "update")
      --dry-run                     Generate comment without actually posting to Azure Repos
      --format string               Output format: json
  -h, --help                        help for azure-repos
  -p, --path stringArray            Path to Diginfra JSON files, glob patterns need quotes
      --policy-path stringArray     Path to Diginfra policy files, glob patterns need quotes (experimental)
      --pull-request int            Pull request number to post comment on
      --repo-url string             Repository URL, e.g. https://dev.azure.com/my-org/my-project/_git/my-repo
      --show-all-projects           Show all projects in the table of the comment output
      --show-skipped                List unsupported resources (default true)
      --tag string                  Customize hidden markdown tag used to detect comments posted by Diginfra

GLOBAL FLAGS
      --debug-report       Generate a debug report file which can be sent to Diginfra team
      --log-level string   Log level (trace, debug, info, warn, error, fatal)
      --no-color           Turn off colored output
