
Logs:
INFO Estimate uploaded to Diginfra Cloud
INFO 2 tag policies checked
INFO tag policy check failed: should show as failing
