Comment posted to GitHub

Logs:
INFO Estimate uploaded to Diginfra Cloud
INFO Creating new comment
INFO Created new comment: 
