Comment posted to GitHub

Logs:
INFO Estimate uploaded to Diginfra Cloud
INFO 1 guardrail checked
INFO Creating new comment
WARN {"body":"[//]: <> (diginfra-comment, valid-at=REPLACED_TIME)\n<p><strong>âœ… Guardrails passed</strong></p>"}

INFO Created new comment: 
