Get a free API key, or log in to your existing account

USAGE
  diginfra auth [flags]
  diginfra auth [command]

EXAMPLES
  Get a free API key, or log in to your existing account:

      diginfra auth login

      You can also log in at https://infra-dashboard.khulnasoft.com

  Manually set the API key that your CLI should use. The API key can be retrieved from your account:

      diginfra configure set api_key MY_API_KEY

  Regenerate your API key:

      Log in at https://infra-dashboard.khulnasoft.com > select your organization > Settings

AVAILABLE COMMANDS
  login       Authenticate the CLI with your Diginfra account

FLAGS
  -h, --help   help for auth

GLOBAL FLAGS
      --debug-report       Generate a debug report file which can be sent to Diginfra team
      --log-level string   Log level (trace, debug, info, warn, error, fatal)
      --no-color           Turn off colored output

Use "diginfra auth [command] --help" for more information about a command.
