
Logs:
INFO Estimate uploaded to Diginfra Cloud
INFO 2 finops policies checked
INFO finops policy check failed: should show as failing
