Comment posted to GitHub

Logs:
INFO Finding matching comments for tag diginfra-comment
INFO Found 1 matching comment
INFO Updating comment 
