Comment posted to GitHub

Logs:
INFO Estimate uploaded to Diginfra Cloud
INFO 1 guardrail checked
INFO Creating new comment
INFO Created new comment: 
