Post an Diginfra comment to GitHub, GitLab, Azure Repos or Bitbucket

USAGE
  diginfra comment [flags]
  diginfra comment [command]

EXAMPLES
  Update the Diginfra comment on a GitHub pull request:

      diginfra comment github --repo my-org/my-repo --pull-request 3 --path diginfra.json --behavior update --github-token $GITHUB_TOKEN

  Delete old Diginfra comments and post a new comment to a GitLab commit:

      diginfra comment gitlab --repo my-org/my-repo --commit 2ca7182 --path diginfra.json --behavior delete-and-new --gitlab-token $GITLAB_TOKEN

  Post a new comment to an Azure Repos pull request:

      diginfra comment azure-repos --repo-url https://dev.azure.com/my-org/my-project/_git/my-repo --pull-request 3 --path diginfra.json --behavior new --azure-access-token $AZURE_ACCESS_TOKEN

AVAILABLE COMMANDS
  azure-repos Post an Diginfra comment to Azure Repos
  bitbucket   Post an Diginfra comment to Bitbucket
  github      Post an Diginfra comment to GitHub
  gitlab      Post an Diginfra comment to GitLab

FLAGS
  -h, --help   help for comment

GLOBAL FLAGS
      --debug-report       Generate a debug report file which can be sent to Diginfra team
      --log-level string   Log level (trace, debug, info, warn, error, fatal)
      --no-color           Turn off colored output

Use "diginfra comment [command] --help" for more information about a command.
