
Logs:
INFO Estimate uploaded to Diginfra Cloud
INFO 2 guardrails checked
