
ðŸ’° Diginfra estimate: **monthly cost will not change**
<table>
  <thead>
    <td>Project</td>
    <td>Previous</td>
    <td>New</td>
    <td>Diff</td>
  </thead>
  <tbody>
    <tr>
      <td>diginfra/diginfra/cmd/infraco...aform_v0.14_nochange_plan.json</td>
      <td align="right">$40.56</td>
      <td align="right">$40.56</td>
      <td>$0</td>
    </tr>
  </tbody>
</table>

<details>
<summary><strong>Diginfra output</strong></summary>

```
â”€â”€â”€â”€â”€â”€â”€â”€â”€â”€â”€â”€â”€â”€â”€â”€â”€â”€â”€â”€â”€â”€â”€â”€â”€â”€â”€â”€â”€â”€â”€â”€â”€â”€

The following projects have no cost estimate changes: diginfra/diginfra/cmd/diginfra/testdata/terraform_v0.14_nochange_plan.json
Run diginfra breakdown to see their full breakdown.

â”€â”€â”€â”€â”€â”€â”€â”€â”€â”€â”€â”€â”€â”€â”€â”€â”€â”€â”€â”€â”€â”€â”€â”€â”€â”€â”€â”€â”€â”€â”€â”€â”€â”€

```
</details>

