
Logs:
WARN this command has been changed to diginfra auth login, which does the same thing - showing information for that command.

