Help provides help for any command in the application.
Simply type diginfra help [path to command] for full details.

USAGE
  diginfra help [command] [flags]

FLAGS
  -h, --help   help for help

GLOBAL FLAGS
      --debug-report       Generate a debug report file which can be sent to Diginfra team
      --log-level string   Log level (trace, debug, info, warn, error, fatal)
      --no-color           Turn off colored output
