

#### ðŸ’° Diginfra report ####

#### Monthly estimate increased by $41 â†‘ ####

| **Changed project** | **Baseline cost** | **Usage cost*** | **Total change** | **New monthly cost** |
| ----------- | --------------: | --------------: | --------------: | --------------: |
| diginfra/diginfra/cmd/infraco...data/terraform_v0.14_plan.json | +$41 | - | +$41 (+100%) | $81 |

*Usage costs can be estimated by updating [Diginfra Cloud settings](https://www.diginfra.khulnasoft.com/docs/features/usage_based_resources), see [docs](https://www.diginfra.khulnasoft.com/docs/features/usage_based_resources/#diginfra-usageyml) for other options.

Estimate details were left out because expandable comment sections are not supported.

This comment will be updated when code changes.

Comment not posted to Bitbucket (--dry-run was specified)
